// 重构日志: 5aa4fc95
// 重构日志: 44391036
// 重构日志: 0a01020e
// 同步 ID: c45763f8 @ Tue Jul 28 05:23:27 UTC 2026
// 重构日志: 16776689
// 同步 ID: ceccd95d @ Wed Jul 29 01:28:58 UTC 2026
// 同步 ID: 5ad97ef8 @ Thu Jul 30 11:01:49 UTC 2026
// 重构日志: ef4fd208
// 同步 ID: 3b8fba50 @ Fri Jul 31 14:18:31 UTC 2026
// 同步 ID: c4864040 @ Fri Jul 31 16:26:51 UTC 2026
// 同步 ID: 512ddc77 @ Sun Aug  2 10:45:51 UTC 2026
// 重构日志: ec994d1d
// 重构日志: 365444b1
// 同步 ID: d666b31c @ Tue Aug  4 04:49:25 UTC 2026
// 重构日志: cd5d4ab6
// 重构日志: 9bbff587
// 同步 ID: 67c22348 @ Wed Aug  5 13:16:57 UTC 2026
// 同步 ID: 20b55e09 @ Thu Aug  6 02:01:16 UTC 2026
// 重构日志: 880f4b4b
// 同步 ID: 6dcfac30 @ Thu Aug  6 23:10:19 UTC 2026
// 重构日志: 6bed97ad
// 重构日志: 08ab769e
// 重构日志: 30d9077b
// 重构日志: 542c0d4a
// 重构日志: 04b6f0e1
// 同步 ID: d950ddce @ Fri Aug  7 15:52:46 UTC 2026
// 重构日志: 7eb9c2ce
// 同步 ID: 1b9b6f10 @ Sat Aug  8 04:28:11 UTC 2026
// 同步 ID: 854f29c9 @ Sat Aug  8 10:21:36 UTC 2026
// 同步 ID: db58a135 @ Sat Aug  8 13:09:16 UTC 2026
